<?xml version="1.0"?>
<testsuite name="PhantomJS 1.9.8 (Windows 8 0.0.0)" package="" timestamp="2016-07-04T11:27:56" id="0" hostname="CHAD-DESKTOP10" tests="14" errors="1" failures="14" time="0.011">
  <properties>
    <property name="browser.fullName" value="Mozilla/5.0 (Windows NT 6.2; WOW64) AppleWebKit/534.34 (KHTML, like Gecko) PhantomJS/1.9.8 Safari/534.34"/>
  </properties>
  <testcase name="should call $scope.getConfigs" time="0.004" classname="PhantomJS_1_9_8_(Windows_8_0_0_0).ConfigurationCtrl">
    <failure type="">ReferenceError: Can't find variable: module
    at C:/Users/Chad/Desktop/node-challenge-1/unitTests/ConfigurationCtrl.spec.js:11
</failure>
    <failure type="">ReferenceError: Can't find variable: inject
    at C:/Users/Chad/Desktop/node-challenge-1/unitTests/ConfigurationCtrl.spec.js:25
</failure>
    <failure type="">Error: spyOn could not find an object to spy upon for getConfigs()
    at C:/Users/Chad/Desktop/node-challenge-1/unitTests/ConfigurationCtrl.spec.js:32
</failure>
    <failure type="">TypeError: 'undefined' is not an object (evaluating '$scope.getConfigs')
    at C:/Users/Chad/Desktop/node-challenge-1/unitTests/ConfigurationCtrl.spec.js:37
</failure>
  </testcase>
  <testcase name="should default page, sortValue, totalDisplayed, and pageSize" time="0" classname="PhantomJS_1_9_8_(Windows_8_0_0_0).ConfigurationCtrl">
    <failure type="">ReferenceError: Can't find variable: module
    at C:/Users/Chad/Desktop/node-challenge-1/unitTests/ConfigurationCtrl.spec.js:11
</failure>
    <failure type="">ReferenceError: Can't find variable: inject
    at C:/Users/Chad/Desktop/node-challenge-1/unitTests/ConfigurationCtrl.spec.js:25
</failure>
    <failure type="">Error: spyOn could not find an object to spy upon for getConfigs()
    at C:/Users/Chad/Desktop/node-challenge-1/unitTests/ConfigurationCtrl.spec.js:32
</failure>
    <failure type="">TypeError: 'undefined' is not an object (evaluating '$scope.adding')
    at C:/Users/Chad/Desktop/node-challenge-1/unitTests/ConfigurationCtrl.spec.js:47
</failure>
  </testcase>
  <testcase name="should set $scope.selectedConfig" time="0.001" classname="PhantomJS_1_9_8_(Windows_8_0_0_0).ConfigurationCtrl">
    <failure type="">ReferenceError: Can't find variable: module
    at C:/Users/Chad/Desktop/node-challenge-1/unitTests/ConfigurationCtrl.spec.js:11
</failure>
    <failure type="">ReferenceError: Can't find variable: inject
    at C:/Users/Chad/Desktop/node-challenge-1/unitTests/ConfigurationCtrl.spec.js:25
</failure>
    <failure type="">TypeError: 'undefined' is not an object (evaluating '$scope.selectedConfig = 'NotEdit'')
    at C:/Users/Chad/Desktop/node-challenge-1/unitTests/ConfigurationCtrl.spec.js:58
</failure>
  </testcase>
  <testcase name="should call $scope.getConfigs" time="0" classname="PhantomJS_1_9_8_(Windows_8_0_0_0).ConfigurationCtrl">
    <failure type="">ReferenceError: Can't find variable: module
    at C:/Users/Chad/Desktop/node-challenge-1/unitTests/ConfigurationCtrl.spec.js:11
</failure>
    <failure type="">ReferenceError: Can't find variable: inject
    at C:/Users/Chad/Desktop/node-challenge-1/unitTests/ConfigurationCtrl.spec.js:25
</failure>
    <failure type="">Error: spyOn could not find an object to spy upon for getConfigs()
    at C:/Users/Chad/Desktop/node-challenge-1/unitTests/ConfigurationCtrl.spec.js:66
</failure>
    <failure type="">TypeError: 'undefined' is not an object (evaluating '$scope.getConfigs')
    at C:/Users/Chad/Desktop/node-challenge-1/unitTests/ConfigurationCtrl.spec.js:71
</failure>
  </testcase>
  <testcase name="should set the sort value and pageSize" time="0" classname="PhantomJS_1_9_8_(Windows_8_0_0_0).ConfigurationCtrl">
    <failure type="">ReferenceError: Can't find variable: module
    at C:/Users/Chad/Desktop/node-challenge-1/unitTests/ConfigurationCtrl.spec.js:11
</failure>
    <failure type="">ReferenceError: Can't find variable: inject
    at C:/Users/Chad/Desktop/node-challenge-1/unitTests/ConfigurationCtrl.spec.js:25
</failure>
    <failure type="">TypeError: 'undefined' is not an object (evaluating '$scope.sortValue = null')
    at C:/Users/Chad/Desktop/node-challenge-1/unitTests/ConfigurationCtrl.spec.js:77
</failure>
    <failure type="">TypeError: 'undefined' is not an object (evaluating '$httpBackend.flush')
    at C:/Users/Chad/Desktop/node-challenge-1/unitTests/ConfigurationCtrl.spec.js:88
</failure>
  </testcase>
  <testcase name="should set the sort value and pageSize" time="0.002" classname="PhantomJS_1_9_8_(Windows_8_0_0_0).ConfigurationCtrl">
    <failure type="">ReferenceError: Can't find variable: module
    at C:/Users/Chad/Desktop/node-challenge-1/unitTests/ConfigurationCtrl.spec.js:11
</failure>
    <failure type="">ReferenceError: Can't find variable: inject
    at C:/Users/Chad/Desktop/node-challenge-1/unitTests/ConfigurationCtrl.spec.js:25
</failure>
    <failure type="">TypeError: 'undefined' is not an object (evaluating '$scope.sortValue = null')
    at C:/Users/Chad/Desktop/node-challenge-1/unitTests/ConfigurationCtrl.spec.js:101
</failure>
    <failure type="">TypeError: 'undefined' is not an object (evaluating '$httpBackend.flush')
    at C:/Users/Chad/Desktop/node-challenge-1/unitTests/ConfigurationCtrl.spec.js:113
</failure>
  </testcase>
  <testcase name="should show error msg" time="0" classname="PhantomJS_1_9_8_(Windows_8_0_0_0).ConfigurationCtrl">
    <failure type="">ReferenceError: Can't find variable: module
    at C:/Users/Chad/Desktop/node-challenge-1/unitTests/ConfigurationCtrl.spec.js:11
</failure>
    <failure type="">ReferenceError: Can't find variable: inject
    at C:/Users/Chad/Desktop/node-challenge-1/unitTests/ConfigurationCtrl.spec.js:25
</failure>
    <failure type="">TypeError: 'undefined' is not an object (evaluating '$scope.sortValue = null')
    at C:/Users/Chad/Desktop/node-challenge-1/unitTests/ConfigurationCtrl.spec.js:126
</failure>
    <failure type="">TypeError: 'undefined' is not an object (evaluating '$httpBackend.flush')
    at C:/Users/Chad/Desktop/node-challenge-1/unitTests/ConfigurationCtrl.spec.js:138
</failure>
  </testcase>
  <testcase name="should display toast message" time="0.001" classname="PhantomJS_1_9_8_(Windows_8_0_0_0).LoginCtrl">
    <failure type="">ReferenceError: Can't find variable: module
    at C:/Users/Chad/Desktop/node-challenge-1/unitTests/LoginCtrl.spec.js:12
</failure>
    <failure type="">ReferenceError: Can't find variable: inject
    at C:/Users/Chad/Desktop/node-challenge-1/unitTests/LoginCtrl.spec.js:30
</failure>
    <failure type="">TypeError: 'undefined' is not an object (evaluating '$scope.showSimpleToast')
    at C:/Users/Chad/Desktop/node-challenge-1/unitTests/LoginCtrl.spec.js:36
</failure>
    <failure type="">Expected spy $mdToast.showSimple to have been called.
    at C:/Users/Chad/Desktop/node-challenge-1/unitTests/LoginCtrl.spec.js:40
</failure>
  </testcase>
  <testcase name="should send http GET and redirect" time="0.001" classname="PhantomJS_1_9_8_(Windows_8_0_0_0).LoginCtrl">
    <failure type="">ReferenceError: Can't find variable: module
    at C:/Users/Chad/Desktop/node-challenge-1/unitTests/LoginCtrl.spec.js:12
</failure>
    <failure type="">ReferenceError: Can't find variable: inject
    at C:/Users/Chad/Desktop/node-challenge-1/unitTests/LoginCtrl.spec.js:30
</failure>
    <failure type="">TypeError: 'undefined' is not an object (evaluating '$scope.username = 'a'')
    at C:/Users/Chad/Desktop/node-challenge-1/unitTests/LoginCtrl.spec.js:46
</failure>
    <failure type="">TypeError: 'undefined' is not an object (evaluating '$httpBackend.flush')
    at C:/Users/Chad/Desktop/node-challenge-1/unitTests/LoginCtrl.spec.js:55
</failure>
  </testcase>
  <testcase name="encountered a declaration exception" time="0.002" classname="PhantomJS_1_9_8_(Windows_8_0_0_0).AuthRouter">
    <failure type="">ReferenceError: Can't find variable: ResponseService
    at C:/Users/Chad/Desktop/node-challenge-1/unitTests/authRouter.spec.js:3
    at C:/Users/Chad/Desktop/node-challenge-1/unitTests/authRouter.spec.js:333
</failure>
  </testcase>
  <testcase name="encountered a declaration exception" time="0" classname="PhantomJS_1_9_8_(Windows_8_0_0_0).httpHandler">
    <failure type="">ReferenceError: Can't find variable: ResponseService
    at C:/Users/Chad/Desktop/node-challenge-1/unitTests/httpHandler.spec.js:2
    at C:/Users/Chad/Desktop/node-challenge-1/unitTests/httpHandler.spec.js:75
</failure>
  </testcase>
  <testcase name="encountered a declaration exception" time="0" classname="PhantomJS_1_9_8_(Windows_8_0_0_0).ResponseService">
    <failure type="">ReferenceError: Can't find variable: ResponseService
    at C:/Users/Chad/Desktop/node-challenge-1/unitTests/responseService.spec.js:2
    at C:/Users/Chad/Desktop/node-challenge-1/unitTests/responseService.spec.js:69
</failure>
  </testcase>
  <testcase name="encountered a declaration exception" time="0" classname="PhantomJS_1_9_8_(Windows_8_0_0_0).Router">
    <failure type="">ReferenceError: Can't find variable: UnitTestMocks
    at C:/Users/Chad/Desktop/node-challenge-1/unitTests/router.spec.js:2
    at C:/Users/Chad/Desktop/node-challenge-1/unitTests/router.spec.js:78
</failure>
  </testcase>
  <testcase name="encountered a declaration exception" time="0" classname="PhantomJS_1_9_8_(Windows_8_0_0_0).Sorter">
    <failure type="">ReferenceError: Can't find variable: UnitTestData
    at C:/Users/Chad/Desktop/node-challenge-1/unitTests/sorter.spec.js:2
    at C:/Users/Chad/Desktop/node-challenge-1/unitTests/sorter.spec.js:138
</failure>
  </testcase>
  <system-out>
    <![CDATA[
]]>
  </system-out>
  <system-err/>
</testsuite>